// Jest Snapshot v1, https://goo.gl/fbAQLP

exports[`renders add recipe form page 1`] = `
Object {
  "asFragment": [Function],
  "baseElement": <body>
    <div>
      <div>
        <div
          class="pt-2"
        >
          <a
            class="mx-5"
            href="/profile"
          >
            <button>
              Back
            </button>
          </a>
        </div>
        <div
          class="flex justify-center font-sans text-5xl opacity-70 py-10"
        >
          <h1>
            yahfood!
          </h1>
        </div>
        <div>
          <form
            class="py-20"
          >
            <label
              class="flex justify-center items-center flex-col"
            >
              Title:
              <input
                class=" border-solid rounded-lg border-2 w-40"
                name="title"
                type="text"
                value=""
              />
            </label>
            <label
              class="flex justify-center items-center flex-col"
            >
              Ingredients:
              <textarea
                class=" border-solid rounded-lg border-2 w-40"
                name="description"
                type="text-area"
              />
            </label>
            <label
              class="flex justify-center items-center flex-col"
            >
              Instructions:
              <textarea
                class=" border-solid rounded-lg border-2 w-40"
                name="instructions"
                type="text-area"
              />
            </label>
            <label
              class="flex justify-center items-center flex-col"
            >
              Image url:
              <input
                class=" border-solid rounded-lg border-2 w-40"
                name="images"
                type="text"
                value=""
              />
            </label>
            <div
              class="flex justify-center mx-auto my-5 w-64 items-center border-2 border-lime-700/50 rounded-lg bg-lime-700/50 "
            >
              <button>
                Submit
              </button>
            </div>
          </form>
        </div>
      </div>
    </div>
  </body>,
  "container": <div>
    <div>
      <div
        class="pt-2"
      >
        <a
          class="mx-5"
          href="/profile"
        >
          <button>
            Back
          </button>
        </a>
      </div>
      <div
        class="flex justify-center font-sans text-5xl opacity-70 py-10"
      >
        <h1>
          yahfood!
        </h1>
      </div>
      <div>
        <form
          class="py-20"
        >
          <label
            class="flex justify-center items-center flex-col"
          >
            Title:
            <input
              class=" border-solid rounded-lg border-2 w-40"
              name="title"
              type="text"
              value=""
            />
          </label>
          <label
            class="flex justify-center items-center flex-col"
          >
            Ingredients:
            <textarea
              class=" border-solid rounded-lg border-2 w-40"
              name="description"
              type="text-area"
            />
          </label>
          <label
            class="flex justify-center items-center flex-col"
          >
            Instructions:
            <textarea
              class=" border-solid rounded-lg border-2 w-40"
              name="instructions"
              type="text-area"
            />
          </label>
          <label
            class="flex justify-center items-center flex-col"
          >
            Image url:
            <input
              class=" border-solid rounded-lg border-2 w-40"
              name="images"
              type="text"
              value=""
            />
          </label>
          <div
            class="flex justify-center mx-auto my-5 w-64 items-center border-2 border-lime-700/50 rounded-lg bg-lime-700/50 "
          >
            <button>
              Submit
            </button>
          </div>
        </form>
      </div>
    </div>
  </div>,
  "debug": [Function],
  "findAllByAltText": [Function],
  "findAllByDisplayValue": [Function],
  "findAllByLabelText": [Function],
  "findAllByPlaceholderText": [Function],
  "findAllByRole": [Function],
  "findAllByTestId": [Function],
  "findAllByText": [Function],
  "findAllByTitle": [Function],
  "findByAltText": [Function],
  "findByDisplayValue": [Function],
  "findByLabelText": [Function],
  "findByPlaceholderText": [Function],
  "findByRole": [Function],
  "findByTestId": [Function],
  "findByText": [Function],
  "findByTitle": [Function],
  "getAllByAltText": [Function],
  "getAllByDisplayValue": [Function],
  "getAllByLabelText": [Function],
  "getAllByPlaceholderText": [Function],
  "getAllByRole": [Function],
  "getAllByTestId": [Function],
  "getAllByText": [Function],
  "getAllByTitle": [Function],
  "getByAltText": [Function],
  "getByDisplayValue": [Function],
  "getByLabelText": [Function],
  "getByPlaceholderText": [Function],
  "getByRole": [Function],
  "getByTestId": [Function],
  "getByText": [Function],
  "getByTitle": [Function],
  "queryAllByAltText": [Function],
  "queryAllByDisplayValue": [Function],
  "queryAllByLabelText": [Function],
  "queryAllByPlaceholderText": [Function],
  "queryAllByRole": [Function],
  "queryAllByTestId": [Function],
  "queryAllByText": [Function],
  "queryAllByTitle": [Function],
  "queryByAltText": [Function],
  "queryByDisplayValue": [Function],
  "queryByLabelText": [Function],
  "queryByPlaceholderText": [Function],
  "queryByRole": [Function],
  "queryByTestId": [Function],
  "queryByText": [Function],
  "queryByTitle": [Function],
  "rerender": [Function],
  "unmount": [Function],
}
`;
