// Jest Snapshot v1, https://goo.gl/fbAQLP

exports[`renders login form page 1`] = `
Object {
  "asFragment": [Function],
  "baseElement": <body>
    <div>
      <div>
        <div
          class="tabs"
        >
          <h1
            class="active"
          >
            Sign In
          </h1>
          <h1
            class=""
          >
            Sign Up
          </h1>
        </div>
        <h1>
          Type: 
          signin
        </h1>
        <p />
        <div>
          <form>
            <p />
            <label>
              Email:
              <input
                class="border-black border-solid border-2"
                type="email"
                value=""
              />
            </label>
            <label>
              Password:
              <input
                class="border-black border-solid border-2"
                type="password"
                value=""
              />
            </label>
            <input
              class="border-black border-solid border-2"
              type="submit"
            />
          </form>
        </div>
      </div>
    </div>
  </body>,
  "container": <div>
    <div>
      <div
        class="tabs"
      >
        <h1
          class="active"
        >
          Sign In
        </h1>
        <h1
          class=""
        >
          Sign Up
        </h1>
      </div>
      <h1>
        Type: 
        signin
      </h1>
      <p />
      <div>
        <form>
          <p />
          <label>
            Email:
            <input
              class="border-black border-solid border-2"
              type="email"
              value=""
            />
          </label>
          <label>
            Password:
            <input
              class="border-black border-solid border-2"
              type="password"
              value=""
            />
          </label>
          <input
            class="border-black border-solid border-2"
            type="submit"
          />
        </form>
      </div>
    </div>
  </div>,
  "debug": [Function],
  "findAllByAltText": [Function],
  "findAllByDisplayValue": [Function],
  "findAllByLabelText": [Function],
  "findAllByPlaceholderText": [Function],
  "findAllByRole": [Function],
  "findAllByTestId": [Function],
  "findAllByText": [Function],
  "findAllByTitle": [Function],
  "findByAltText": [Function],
  "findByDisplayValue": [Function],
  "findByLabelText": [Function],
  "findByPlaceholderText": [Function],
  "findByRole": [Function],
  "findByTestId": [Function],
  "findByText": [Function],
  "findByTitle": [Function],
  "getAllByAltText": [Function],
  "getAllByDisplayValue": [Function],
  "getAllByLabelText": [Function],
  "getAllByPlaceholderText": [Function],
  "getAllByRole": [Function],
  "getAllByTestId": [Function],
  "getAllByText": [Function],
  "getAllByTitle": [Function],
  "getByAltText": [Function],
  "getByDisplayValue": [Function],
  "getByLabelText": [Function],
  "getByPlaceholderText": [Function],
  "getByRole": [Function],
  "getByTestId": [Function],
  "getByText": [Function],
  "getByTitle": [Function],
  "queryAllByAltText": [Function],
  "queryAllByDisplayValue": [Function],
  "queryAllByLabelText": [Function],
  "queryAllByPlaceholderText": [Function],
  "queryAllByRole": [Function],
  "queryAllByTestId": [Function],
  "queryAllByText": [Function],
  "queryAllByTitle": [Function],
  "queryByAltText": [Function],
  "queryByDisplayValue": [Function],
  "queryByLabelText": [Function],
  "queryByPlaceholderText": [Function],
  "queryByRole": [Function],
  "queryByTestId": [Function],
  "queryByText": [Function],
  "queryByTitle": [Function],
  "rerender": [Function],
  "unmount": [Function],
}
`;
